// Jest Snapshot v1, https://goo.gl/fbAQLP

exports[`Contact Page has no unexpected changes 1`] = `
.c3 {
  color: #1173bb;
  -webkit-text-decoration: none;
  text-decoration: none;
}

.c3:visited,
.c3:active {
  color: #1173bb;
}

.c3:focus,
.c3:hover {
  -webkit-text-decoration: underline;
  text-decoration: underline;
}

.c1 {
  display: -webkit-box;
  display: -webkit-flex;
  display: -ms-flexbox;
  display: flex;
  -webkit-flex-direction: row;
  -ms-flex-direction: row;
  flex-direction: row;
  -webkit-box-pack: justify;
  -webkit-justify-content: space-between;
  -ms-flex-pack: justify;
  justify-content: space-between;
  padding-bottom: 0.5em;
  border-bottom: 1px solid #ccc;
  margin: 0.67em 0;
  font-size: 14px;
}

.c2 {
  margin: 0;
}

.c0 {
  box-sizing: border-box;
  width: 100%;
  max-width: 1200px;
  padding: 0 15px;
  margin: 0 auto 40px;
  font-size: 14px;
  height: auto !important;
  min-height: 1000px;
  font-size: 16px;
}

.c0 p {
  margin-bottom: 1em;
  line-height: 1.4;
}

@media (max-width:900px) {
  .c1 {
    -webkit-flex-direction: column;
    -ms-flex-direction: column;
    flex-direction: column;
    -webkit-align-items: center;
    -webkit-box-align: center;
    -ms-flex-align: center;
    align-items: center;
    border-bottom: none;
  }
}

@media (max-width:900px) {
  .c2 {
    display: -webkit-box;
    display: -webkit-flex;
    display: -ms-flexbox;
    display: flex;
    -webkit-flex-direction: column;
    -ms-flex-direction: column;
    flex-direction: column;
    -webkit-align-items: center;
    -webkit-box-align: center;
    -ms-flex-align: center;
    align-items: center;
    padding-bottom: 0.5em;
    border-bottom: 1px solid #ccc;
    margin-bottom: 0.5em;
  }
}

<div
  className="c0"
>
  <div
    className="c1"
  >
    <h1
      className="c2"
    >
      Contact
    </h1>
  </div>
  <p>
    Report OurDNA Browser errors via
     
    <a
      className="c3"
      href="https://github.com/populationgenomics/ourdna-browser/issues"
      rel="noopener noreferrer"
      target="_blank"
    >
      GitHub.
    </a>
  </p>
  <p>
    Follow us on Instagram
     
    <a
      className="c3"
      href="https://www.instagram.com/ourdna_australia/"
      rel="noopener noreferrer"
      target="_blank"
    >
      @ourdna_australia
    </a>
    ,
     
    <a
      className="c3"
      href="https://www.facebook.com/people/Our-DNA/61563734916751/"
      rel="noopener noreferrer"
      target="_blank"
    >
      Facebook 
    </a>
    and
     
    <a
      className="c3"
      href="https://www.linkedin.com/company/centrepopgen/"
      rel="noopener noreferrer"
      target="_blank"
    >
      LinkedIn
    </a>
    .
  </p>
  <p>
    For all other questions, or to raise issues with the browser or data, please
     
    <a
      className="c3"
      href="mailto:servicedesk@populationgenomics.com"
      rel="noopener noreferrer"
      target="_blank"
    >
      email us
    </a>
    .
  </p>
</div>
`;
