// Jest Snapshot v1, https://goo.gl/fbAQLP

exports[`Footer has no unexpected changes 1`] = `
.c0 {
  display: -webkit-box;
  display: -webkit-flex;
  display: -ms-flexbox;
  display: flex;
  -webkit-flex-direction: row;
  -ms-flex-direction: row;
  flex-direction: row;
  -webkit-box-pack: justify;
  -webkit-justify-content: space-between;
  -ms-flex-pack: justify;
  justify-content: space-between;
  -webkit-align-items: center;
  -webkit-box-align: center;
  -ms-flex-align: center;
  align-items: center;
  overflow: hidden;
  box-sizing: border-box;
  width: 100%;
  padding: 10px 30px;
  background-color: #adbfcc;
  color: black;
}

.c0 a {
  color: white;
  -webkit-text-decoration: none;
  text-decoration: none;
}

.c2 {
  width: 30%;
}

.c2 p {
  font-size: 10px;
}

@media (max-width:600px) {
  .c0 {
    -webkit-flex-direction: column;
    -ms-flex-direction: column;
    flex-direction: column;
    padding: 10px;
  }
}

@media (max-width:300px) {
  .c1 {
    display: -webkit-box;
    display: -webkit-flex;
    display: -ms-flexbox;
    display: flex;
    -webkit-flex-direction: row;
    -ms-flex-direction: row;
    flex-direction: row;
    -webkit-align-items: center;
    -webkit-box-align: center;
    -ms-flex-align: center;
    align-items: center;
    width: 70%;
    margin-bottom: 5px;
  }
}

@media (max-width:300px) {
  .c2 {
    display: -webkit-box;
    display: -webkit-flex;
    display: -ms-flexbox;
    display: flex;
    -webkit-flex-direction: row;
    -ms-flex-direction: row;
    flex-direction: row;
    -webkit-align-items: center;
    -webkit-box-align: center;
    -ms-flex-align: center;
    align-items: center;
    width: 30%;
    margin-bottom: 5px;
  }
}

<div
  className="c0"
>
  <div
    className="c1"
  >
    <svg
      viewBox="0 0 824 256"
      width="200"
    >
      <image
        href="test-file-stub"
      />
    </svg>
  </div>
  <div
    className="c2"
  >
    <p>
      The Centre for Population Genomics values diversity in our team and our work. We believe that including all human diversity in genomic research will empower medical care that benefits everyone. We pay our respects to all Aboriginal and Torres Strait Islander cultures and to their Elders past and present. We gratefully accept the invitation in the Uluru Statement from the Heart "to walk with us in a movement of the Australian people for a better future".
    </p>
  </div>
</div>
`;
