// Jest Snapshot v1, https://goo.gl/fbAQLP

exports[`Publications Page has no unexpected changes 1`] = `
.c3 {
  color: #1173bb;
  -webkit-text-decoration: none;
  text-decoration: none;
}

.c3:visited,
.c3:active {
  color: #1173bb;
}

.c3:focus,
.c3:hover {
  -webkit-text-decoration: underline;
  text-decoration: underline;
}

.c1 {
  display: -webkit-box;
  display: -webkit-flex;
  display: -ms-flexbox;
  display: flex;
  -webkit-flex-direction: row;
  -ms-flex-direction: row;
  flex-direction: row;
  -webkit-box-pack: justify;
  -webkit-justify-content: space-between;
  -ms-flex-pack: justify;
  justify-content: space-between;
  padding-bottom: 0.5em;
  border-bottom: 1px solid #ccc;
  margin: 0.67em 0;
  font-size: 14px;
}

.c2 {
  margin: 0;
}

.c0 {
  box-sizing: border-box;
  width: 100%;
  max-width: 1200px;
  padding: 0 15px;
  margin: 0 auto 40px;
  font-size: 14px;
  height: auto !important;
  min-height: 1000px;
  font-size: 16px;
}

.c0 p {
  margin-bottom: 1em;
  line-height: 1.4;
}

.c5 {
  border-collapse: collapse;
  min-width: 400px;
  font-size: 0.9em;
  -webkit-letter-spacing: 0.01px;
  -moz-letter-spacing: 0.01px;
  -ms-letter-spacing: 0.01px;
  letter-spacing: 0.01px;
}

.c5 th,
.c5 td {
  padding: 12px 15px;
  text-align: center;
}

.c6 {
  background-color: #0e6fbf;
  color: #fafafa;
}

.c6 th {
  font-weight: bold;
}

.c7 tr {
  border-bottom: 1px solid #ddd;
  text-align: center;
}

.c7 tr:nth-of-type(even) {
  background-color: #f3f3f3;
}

.c7 td.rb {
  border-right: 1px solid #bbb;
}

.c4 {
  display: -webkit-box;
  display: -webkit-flex;
  display: -ms-flexbox;
  display: flex;
  -webkit-box-pack: space-around;
  -webkit-justify-content: space-around;
  -ms-flex-pack: space-around;
  justify-content: space-around;
}

@media (max-width:900px) {
  .c1 {
    -webkit-flex-direction: column;
    -ms-flex-direction: column;
    flex-direction: column;
    -webkit-align-items: center;
    -webkit-box-align: center;
    -ms-flex-align: center;
    align-items: center;
    border-bottom: none;
  }
}

@media (max-width:900px) {
  .c2 {
    display: -webkit-box;
    display: -webkit-flex;
    display: -ms-flexbox;
    display: flex;
    -webkit-flex-direction: column;
    -ms-flex-direction: column;
    flex-direction: column;
    -webkit-align-items: center;
    -webkit-box-align: center;
    -ms-flex-align: center;
    align-items: center;
    padding-bottom: 0.5em;
    border-bottom: 1px solid #ccc;
    margin-bottom: 0.5em;
  }
}

<div
  className="c0"
>
  <div
    className="c1"
  >
    <h1
      className="c2"
    >
      Publications
    </h1>
  </div>
  <p>
     
    <a
      className="c3"
      href="https://ardc.edu.au/resource/data-and-software-citation/"
      rel="noopener noreferrer"
      target="_blank"
    >
      Datasets and software are premier, citable research outputs
    </a>
    . There are several distinct outputs from the OurDNA program and we request that you cite the specific resource/s that have been used as input to your work. Please use Digital Object Identifiers (DOIs) in your citations to refer to definitive, persistent records of OurDNA resources. The OurDNA dataset and OurDNA Browser software are registered on Zenodo. Please take care to include the digital object identifier (DOI) in your references list when citing these resources.
  </p>
  <br />
  <div
    className="c4"
  >
    <table
      className="c5"
    >
      <thead>
        <tr
          className="c6"
        >
          <th>
            OurDNA resource
          </th>
          <th>
            Indicative citation use case
          </th>
        </tr>
      </thead>
      <tbody
        className="c7"
      >
        <tr>
          <td>
            OurDNA flagship paper (forthcoming)
          </td>
          <td>
            Methodologies, study design; pipeline parameters, data collection details.
          </td>
        </tr>
        <tr>
          <td>
            OurDNA dataset
          </td>
          <td>
            Details on individual variants or genes; summary of population distributions; use of dataset for population programmatic annotation of OurDNA variants with global allele frequencies from gnomAD.
          </td>
        </tr>
        <tr>
          <td>
            OurDNA Browser (software)
          </td>
          <td>
            Descriptions of software functionality; data access methods; comparisons of OurDNA Browser to gnomAD browser; references to statistics or visualisations listed in the browser.
          </td>
        </tr>
      </tbody>
    </table>
  </div>
  <h2>
    Dataset
  </h2>
  Richards, C., de Lange, K., Piscionere J., et al. (2025, July 31). OurDNA dataset (1.0)[Dataset]. www.doi.com
  <h2>
    Browser (software)
  </h2>
  Hyben, M., Harper, M., Bakiris, V., et al. (2025, July 31). OurDNA dataset (1.0)[Software]. www.doi.com
  <h2>
    Flagship paper
  </h2>
  <p>
    Publication of the OurDNA flagship paper is forthcoming.
  </p>
  <h2>
    Other resources
  </h2>
  <p>
    We have a range of additional resources published in the
     
    <a
      className="c3"
      href="https://zenodo.org/communities/populationgenomics/records?q=&l=list&p=1&s=10&sort=newest"
      rel="noopener noreferrer"
      target="_blank"
    >
      Centre for Populations Zenodo Community
    </a>
    .
  </p>
</div>
`;
