// Jest Snapshot v1, https://goo.gl/fbAQLP

exports[`Searchbox has no unexpected changes when no dataset specified 1`] = `
<div
  className="Searchbox__Wrapper-sc-1ngxars-0 iPXQx"
>
  <select
    className="Select-sc-1lkyg9e-0 ivadCR"
    onChange={[Function]}
    value="ourdna"
  >
    <optgroup
      label="GRCh38"
    >
      <option
        value="ourdna"
      >
        OurDNA v1.0
      </option>
    </optgroup>
  </select>
  <span
    style={
      {
        "flexGrow": 1,
      }
    }
  >
    <div
      style={
        {
          "display": "inline-block",
          "width": "100%",
        }
      }
    >
      <input
        aria-autocomplete="list"
        aria-expanded={false}
        autoComplete="off"
        className="Combobox__Input-sc-is1dz3-0 Searchbox__SearchboxInput-sc-kp6w3x-0 ePbiCg"
        data-testid="searchbox-input"
        onBlur={[Function]}
        onChange={[Function]}
        onClick={[Function]}
        onFocus={[Function]}
        onKeyDown={[Function]}
        placeholder="Search by gene, region, or variant"
        role="combobox"
        value=""
      />
    </div>
  </span>
</div>
`;

exports[`Searchbox with selected dataset gnomad_cnv_r4 has no unexpected changes 1`] = `
<div
  className="Searchbox__Wrapper-sc-1ngxars-0 iPXQx"
>
  <select
    className="Select-sc-1lkyg9e-0 ivadCR"
    onChange={[Function]}
    value="ourdna"
  >
    <optgroup
      label="GRCh38"
    >
      <option
        value="ourdna"
      >
        OurDNA v1.0
      </option>
    </optgroup>
  </select>
  <span
    style={
      {
        "flexGrow": 1,
      }
    }
  >
    <div
      style={
        {
          "display": "inline-block",
          "width": "100%",
        }
      }
    >
      <input
        aria-autocomplete="list"
        aria-expanded={false}
        autoComplete="off"
        className="Combobox__Input-sc-is1dz3-0 Searchbox__SearchboxInput-sc-kp6w3x-0 ePbiCg"
        data-testid="searchbox-input"
        onBlur={[Function]}
        onChange={[Function]}
        onClick={[Function]}
        onFocus={[Function]}
        onKeyDown={[Function]}
        placeholder="Search by gene, region, or variant"
        role="combobox"
        value=""
      />
    </div>
  </span>
</div>
`;

exports[`Searchbox with selected dataset gnomad_r4 has no unexpected changes 1`] = `
<div
  className="Searchbox__Wrapper-sc-1ngxars-0 iPXQx"
>
  <select
    className="Select-sc-1lkyg9e-0 ivadCR"
    onChange={[Function]}
    value="ourdna"
  >
    <optgroup
      label="GRCh38"
    >
      <option
        value="ourdna"
      >
        OurDNA v1.0
      </option>
    </optgroup>
  </select>
  <span
    style={
      {
        "flexGrow": 1,
      }
    }
  >
    <div
      style={
        {
          "display": "inline-block",
          "width": "100%",
        }
      }
    >
      <input
        aria-autocomplete="list"
        aria-expanded={false}
        autoComplete="off"
        className="Combobox__Input-sc-is1dz3-0 Searchbox__SearchboxInput-sc-kp6w3x-0 ePbiCg"
        data-testid="searchbox-input"
        onBlur={[Function]}
        onChange={[Function]}
        onClick={[Function]}
        onFocus={[Function]}
        onKeyDown={[Function]}
        placeholder="Search by gene, region, or variant"
        role="combobox"
        value=""
      />
    </div>
  </span>
</div>
`;

exports[`Searchbox with selected dataset gnomad_sv_r4 has no unexpected changes 1`] = `
<div
  className="Searchbox__Wrapper-sc-1ngxars-0 iPXQx"
>
  <select
    className="Select-sc-1lkyg9e-0 ivadCR"
    onChange={[Function]}
    value="ourdna"
  >
    <optgroup
      label="GRCh38"
    >
      <option
        value="ourdna"
      >
        OurDNA v1.0
      </option>
    </optgroup>
  </select>
  <span
    style={
      {
        "flexGrow": 1,
      }
    }
  >
    <div
      style={
        {
          "display": "inline-block",
          "width": "100%",
        }
      }
    >
      <input
        aria-autocomplete="list"
        aria-expanded={false}
        autoComplete="off"
        className="Combobox__Input-sc-is1dz3-0 Searchbox__SearchboxInput-sc-kp6w3x-0 ePbiCg"
        data-testid="searchbox-input"
        onBlur={[Function]}
        onChange={[Function]}
        onClick={[Function]}
        onFocus={[Function]}
        onKeyDown={[Function]}
        placeholder="Search by gene, region, or variant"
        role="combobox"
        value=""
      />
    </div>
  </span>
</div>
`;

exports[`Searchbox with selected dataset ourdna has no unexpected changes 1`] = `
<div
  className="Searchbox__Wrapper-sc-1ngxars-0 iPXQx"
>
  <select
    className="Select-sc-1lkyg9e-0 ivadCR"
    onChange={[Function]}
    value="ourdna"
  >
    <optgroup
      label="GRCh38"
    >
      <option
        value="ourdna"
      >
        OurDNA v1.0
      </option>
    </optgroup>
  </select>
  <span
    style={
      {
        "flexGrow": 1,
      }
    }
  >
    <div
      style={
        {
          "display": "inline-block",
          "width": "100%",
        }
      }
    >
      <input
        aria-autocomplete="list"
        aria-expanded={false}
        autoComplete="off"
        className="Combobox__Input-sc-is1dz3-0 Searchbox__SearchboxInput-sc-kp6w3x-0 ePbiCg"
        data-testid="searchbox-input"
        onBlur={[Function]}
        onChange={[Function]}
        onClick={[Function]}
        onFocus={[Function]}
        onKeyDown={[Function]}
        placeholder="Search by gene, region, or variant"
        role="combobox"
        value=""
      />
    </div>
  </span>
</div>
`;
