// Jest Snapshot v1, https://goo.gl/fbAQLP

exports[`GnomadPopulationsTable with a dataset of gnomad_cnv_r4 has no unexpected changes 1`] = `
[
  <table
    className="Table__BaseTable-sc-7fgtt2-0 PopulationsTable__Table-sc-1ipx9am-0 bRugnY"
  >
    <thead>
      <tr>
        <th
          aria-sort="none"
          colSpan={2}
          scope="col"
        >
          <button
            onClick={[Function]}
            type="button"
          >
            <span
              className="TooltipHint-sc-1wwbc8j-0 cXXQWi"
              onMouseEnter={[Function]}
              onMouseLeave={[Function]}
            >
              Genetic Ancestry Group
            </span>
          </button>
        </th>
        <th
          aria-sort="none"
          className="right-align"
          scope="col"
        >
          <button
            onClick={[Function]}
            type="button"
          >
            <span
              className="TooltipHint-sc-1wwbc8j-0 cXXQWi"
              onMouseEnter={[Function]}
              onMouseLeave={[Function]}
            >
              Allele Count
            </span>
          </button>
        </th>
        <th
          aria-sort="none"
          className="right-align"
          scope="col"
        >
          <button
            onClick={[Function]}
            type="button"
          >
            <span
              className="TooltipHint-sc-1wwbc8j-0 cXXQWi"
              onMouseEnter={[Function]}
              onMouseLeave={[Function]}
            >
              Allele Number
            </span>
          </button>
        </th>
        <th
          aria-sort="none"
          className="right-align"
          scope="col"
        >
          <button
            onClick={[Function]}
            type="button"
          >
            <span
              className="TooltipHint-sc-1wwbc8j-0 cXXQWi"
              onMouseEnter={[Function]}
              onMouseLeave={[Function]}
            >
              Number of Homozygotes
            </span>
          </button>
        </th>
        <th
          aria-sort="descending"
          scope="col"
          style={
            {
              "paddingLeft": "25px",
            }
          }
        >
          <button
            onClick={[Function]}
            type="button"
          >
            <span
              className="TooltipHint-sc-1wwbc8j-0 cXXQWi"
              onMouseEnter={[Function]}
              onMouseLeave={[Function]}
            >
              Allele Frequency
            </span>
          </button>
        </th>
      </tr>
    </thead>
    <tbody>
      <tr
        className="strong-border"
      >
        <th
          colSpan={2}
          rowSpan={1}
          scope="row"
        >
          African, African American and African Caribbean
        </th>
        <td
          className="right-align"
        >
          33
        </td>
        <td
          className="right-align"
        >
          330
        </td>
        <td
          className="right-align"
        >
          37
        </td>
        <td
          style={
            {
              "paddingLeft": "25px",
            }
          }
        >
          0.1000
        </td>
      </tr>
    </tbody>
    <tbody>
      <tr
        className="border"
      >
        <th
          colSpan={2}
          rowSpan={1}
          scope="row"
        >
          European
        </th>
        <td
          className="right-align"
        >
          132
        </td>
        <td
          className="right-align"
        >
          1320
        </td>
        <td
          className="right-align"
        >
          136
        </td>
        <td
          style={
            {
              "paddingLeft": "25px",
            }
          }
        >
          0.1000
        </td>
      </tr>
    </tbody>
    <tbody>
      <tr
        className="border"
      >
        <th
          colSpan={2}
          rowSpan={1}
          scope="row"
        >
          <button
            className="Button__TextButton-sc-1eobygi-3 PopulationsTable__TogglePopulationButton-sc-1ipx9am-1 bxFIne"
            onClick={[Function]}
            type="button"
          >
            Central and South American
          </button>
        </th>
        <td
          className="right-align"
        >
          0
        </td>
        <td
          className="right-align"
        >
          0
        </td>
        <td
          className="right-align"
        >
          0
        </td>
        <td
          style={
            {
              "paddingLeft": "25px",
            }
          }
        >
          -
        </td>
      </tr>
    </tbody>
    <tbody>
      <tr
        className="border"
      >
        <th
          colSpan={2}
          rowSpan={1}
          scope="row"
        >
          <button
            className="Button__TextButton-sc-1eobygi-3 PopulationsTable__TogglePopulationButton-sc-1ipx9am-1 bxFIne"
            onClick={[Function]}
            type="button"
          >
            Central and South Asian
          </button>
        </th>
        <td
          className="right-align"
        >
          0
        </td>
        <td
          className="right-align"
        >
          0
        </td>
        <td
          className="right-align"
        >
          0
        </td>
        <td
          style={
            {
              "paddingLeft": "25px",
            }
          }
        >
          -
        </td>
      </tr>
    </tbody>
    <tbody>
      <tr
        className="border"
      >
        <th
          colSpan={2}
          rowSpan={1}
          scope="row"
        >
          <button
            className="Button__TextButton-sc-1eobygi-3 PopulationsTable__TogglePopulationButton-sc-1ipx9am-1 bxFIne"
            onClick={[Function]}
            type="button"
          >
            East and South East Asian
          </button>
        </th>
        <td
          className="right-align"
        >
          0
        </td>
        <td
          className="right-align"
        >
          0
        </td>
        <td
          className="right-align"
        >
          0
        </td>
        <td
          style={
            {
              "paddingLeft": "25px",
            }
          }
        >
          -
        </td>
      </tr>
    </tbody>
    <tbody>
      <tr
        className="border"
      >
        <th
          colSpan={2}
          rowSpan={1}
          scope="row"
        >
          <button
            className="Button__TextButton-sc-1eobygi-3 PopulationsTable__TogglePopulationButton-sc-1ipx9am-1 bxFIne"
            onClick={[Function]}
            type="button"
          >
            Middle Eastern and North African
          </button>
        </th>
        <td
          className="right-align"
        >
          0
        </td>
        <td
          className="right-align"
        >
          0
        </td>
        <td
          className="right-align"
        >
          0
        </td>
        <td
          style={
            {
              "paddingLeft": "25px",
            }
          }
        >
          -
        </td>
      </tr>
    </tbody>
    <tbody>
      <tr
        className="border"
      >
        <th
          colSpan={2}
          rowSpan={1}
          scope="row"
        >
          <button
            className="Button__TextButton-sc-1eobygi-3 PopulationsTable__TogglePopulationButton-sc-1ipx9am-1 bxFIne"
            onClick={[Function]}
            type="button"
          >
            Australian Filipino
          </button>
        </th>
        <td
          className="right-align"
        >
          0
        </td>
        <td
          className="right-align"
        >
          0
        </td>
        <td
          className="right-align"
        >
          0
        </td>
        <td
          style={
            {
              "paddingLeft": "25px",
            }
          }
        >
          -
        </td>
      </tr>
    </tbody>
    <tbody>
      <tr
        className="border"
      >
        <th
          colSpan={2}
          rowSpan={1}
          scope="row"
        >
          <button
            className="Button__TextButton-sc-1eobygi-3 PopulationsTable__TogglePopulationButton-sc-1ipx9am-1 bxFIne"
            onClick={[Function]}
            type="button"
          >
            Unclassified
          </button>
        </th>
        <td
          className="right-align"
        >
          0
        </td>
        <td
          className="right-align"
        >
          0
        </td>
        <td
          className="right-align"
        >
          0
        </td>
        <td
          style={
            {
              "paddingLeft": "25px",
            }
          }
        >
          -
        </td>
      </tr>
    </tbody>
    <tbody>
      <tr
        className="border"
      >
        <th
          colSpan={2}
          rowSpan={1}
          scope="row"
        >
          XX
        </th>
        <td
          className="right-align"
        >
          264
        </td>
        <td
          className="right-align"
        >
          2640
        </td>
        <td
          className="right-align"
        >
          268
        </td>
        <td
          style={
            {
              "paddingLeft": "25px",
            }
          }
        >
          0.1000
        </td>
      </tr>
    </tbody>
    <tbody>
      <tr>
        <th
          colSpan={2}
          rowSpan={1}
          scope="row"
        >
          XY
        </th>
        <td
          className="right-align"
        >
          528
        </td>
        <td
          className="right-align"
        >
          5280
        </td>
        <td
          className="right-align"
        >
          532
        </td>
        <td
          style={
            {
              "paddingLeft": "25px",
            }
          }
        >
          0.1000
        </td>
      </tr>
    </tbody>
    <tfoot>
      <tr
        className="strong-border"
      >
        <th
          colSpan={2}
          scope="row"
        >
          Total
        </th>
        <td
          className="right-align"
        >
          165
        </td>
        <td
          className="right-align"
        >
          1650
        </td>
        <td
          className="right-align"
        >
          173
        </td>
        <td
          style={
            {
              "paddingLeft": "25px",
            }
          }
        >
          0.1000
        </td>
      </tr>
    </tfoot>
  </table>,
  <div
    className="GnomadPopulationsTable__ControlSection-sc-u218mn-0 jVUZlm"
  >
    Include:
    <label
      className="Checkbox__Label-sc-hrpa6b-0 kJEDjB"
      htmlFor="includeExomePopulations"
    >
      <input
        checked={true}
        className="Checkbox__CheckboxInput-sc-hrpa6b-1 lmKUES"
        disabled={false}
        id="includeExomePopulations"
        onChange={[Function]}
        type="checkbox"
      />
      Exomes
    </label>
    <label
      className="Checkbox__Label-sc-hrpa6b-0 kJEDjB"
      htmlFor="includeGenomePopulations"
    >
      <input
        checked={true}
        className="Checkbox__CheckboxInput-sc-hrpa6b-1 lmKUES"
        disabled={false}
        id="includeGenomePopulations"
        onChange={[Function]}
        type="checkbox"
      />
      Genomes
    </label>
  </div>,
]
`;

exports[`GnomadPopulationsTable with a dataset of gnomad_cnv_r4 has no unexpected changes when missing genetic ancestry groups are filled in 1`] = `
[
  <table
    className="Table__BaseTable-sc-7fgtt2-0 PopulationsTable__Table-sc-1ipx9am-0 bRugnY"
  >
    <thead>
      <tr>
        <th
          aria-sort="none"
          colSpan={2}
          scope="col"
        >
          <button
            onClick={[Function]}
            type="button"
          >
            <span
              className="TooltipHint-sc-1wwbc8j-0 cXXQWi"
              onMouseEnter={[Function]}
              onMouseLeave={[Function]}
            >
              Genetic Ancestry Group
            </span>
          </button>
        </th>
        <th
          aria-sort="none"
          className="right-align"
          scope="col"
        >
          <button
            onClick={[Function]}
            type="button"
          >
            <span
              className="TooltipHint-sc-1wwbc8j-0 cXXQWi"
              onMouseEnter={[Function]}
              onMouseLeave={[Function]}
            >
              Allele Count
            </span>
          </button>
        </th>
        <th
          aria-sort="none"
          className="right-align"
          scope="col"
        >
          <button
            onClick={[Function]}
            type="button"
          >
            <span
              className="TooltipHint-sc-1wwbc8j-0 cXXQWi"
              onMouseEnter={[Function]}
              onMouseLeave={[Function]}
            >
              Allele Number
            </span>
          </button>
        </th>
        <th
          aria-sort="none"
          className="right-align"
          scope="col"
        >
          <button
            onClick={[Function]}
            type="button"
          >
            <span
              className="TooltipHint-sc-1wwbc8j-0 cXXQWi"
              onMouseEnter={[Function]}
              onMouseLeave={[Function]}
            >
              Number of Homozygotes
            </span>
          </button>
        </th>
        <th
          aria-sort="descending"
          scope="col"
          style={
            {
              "paddingLeft": "25px",
            }
          }
        >
          <button
            onClick={[Function]}
            type="button"
          >
            <span
              className="TooltipHint-sc-1wwbc8j-0 cXXQWi"
              onMouseEnter={[Function]}
              onMouseLeave={[Function]}
            >
              Allele Frequency
            </span>
          </button>
        </th>
      </tr>
    </thead>
    <tbody>
      <tr
        className="strong-border"
      >
        <th
          colSpan={2}
          rowSpan={1}
          scope="row"
        >
          African, African American and African Caribbean
        </th>
        <td
          className="right-align"
        >
          1
        </td>
        <td
          className="right-align"
        >
          10
        </td>
        <td
          className="right-align"
        >
          3
        </td>
        <td
          style={
            {
              "paddingLeft": "25px",
            }
          }
        >
          0.1000
        </td>
      </tr>
    </tbody>
    <tbody>
      <tr
        className="border"
      >
        <th
          colSpan={2}
          rowSpan={1}
          scope="row"
        >
          European
        </th>
        <td
          className="right-align"
        >
          4
        </td>
        <td
          className="right-align"
        >
          40
        </td>
        <td
          className="right-align"
        >
          6
        </td>
        <td
          style={
            {
              "paddingLeft": "25px",
            }
          }
        >
          0.1000
        </td>
      </tr>
    </tbody>
    <tbody>
      <tr
        className="border"
      >
        <th
          colSpan={2}
          rowSpan={1}
          scope="row"
        >
          <button
            className="Button__TextButton-sc-1eobygi-3 PopulationsTable__TogglePopulationButton-sc-1ipx9am-1 bxFIne"
            onClick={[Function]}
            type="button"
          >
            Central and South American
          </button>
        </th>
        <td
          className="right-align"
        >
          0
        </td>
        <td
          className="right-align"
        >
          0
        </td>
        <td
          className="right-align"
        >
          0
        </td>
        <td
          style={
            {
              "paddingLeft": "25px",
            }
          }
        >
          -
        </td>
      </tr>
    </tbody>
    <tbody>
      <tr
        className="border"
      >
        <th
          colSpan={2}
          rowSpan={1}
          scope="row"
        >
          <button
            className="Button__TextButton-sc-1eobygi-3 PopulationsTable__TogglePopulationButton-sc-1ipx9am-1 bxFIne"
            onClick={[Function]}
            type="button"
          >
            Central and South Asian
          </button>
        </th>
        <td
          className="right-align"
        >
          0
        </td>
        <td
          className="right-align"
        >
          0
        </td>
        <td
          className="right-align"
        >
          0
        </td>
        <td
          style={
            {
              "paddingLeft": "25px",
            }
          }
        >
          -
        </td>
      </tr>
    </tbody>
    <tbody>
      <tr
        className="border"
      >
        <th
          colSpan={2}
          rowSpan={1}
          scope="row"
        >
          <button
            className="Button__TextButton-sc-1eobygi-3 PopulationsTable__TogglePopulationButton-sc-1ipx9am-1 bxFIne"
            onClick={[Function]}
            type="button"
          >
            East and South East Asian
          </button>
        </th>
        <td
          className="right-align"
        >
          0
        </td>
        <td
          className="right-align"
        >
          0
        </td>
        <td
          className="right-align"
        >
          0
        </td>
        <td
          style={
            {
              "paddingLeft": "25px",
            }
          }
        >
          -
        </td>
      </tr>
    </tbody>
    <tbody>
      <tr
        className="border"
      >
        <th
          colSpan={2}
          rowSpan={1}
          scope="row"
        >
          <button
            className="Button__TextButton-sc-1eobygi-3 PopulationsTable__TogglePopulationButton-sc-1ipx9am-1 bxFIne"
            onClick={[Function]}
            type="button"
          >
            Middle Eastern and North African
          </button>
        </th>
        <td
          className="right-align"
        >
          0
        </td>
        <td
          className="right-align"
        >
          0
        </td>
        <td
          className="right-align"
        >
          0
        </td>
        <td
          style={
            {
              "paddingLeft": "25px",
            }
          }
        >
          -
        </td>
      </tr>
    </tbody>
    <tbody>
      <tr
        className="border"
      >
        <th
          colSpan={2}
          rowSpan={1}
          scope="row"
        >
          <button
            className="Button__TextButton-sc-1eobygi-3 PopulationsTable__TogglePopulationButton-sc-1ipx9am-1 bxFIne"
            onClick={[Function]}
            type="button"
          >
            Australian Filipino
          </button>
        </th>
        <td
          className="right-align"
        >
          0
        </td>
        <td
          className="right-align"
        >
          0
        </td>
        <td
          className="right-align"
        >
          0
        </td>
        <td
          style={
            {
              "paddingLeft": "25px",
            }
          }
        >
          -
        </td>
      </tr>
    </tbody>
    <tbody>
      <tr
        className="border"
      >
        <th
          colSpan={2}
          rowSpan={1}
          scope="row"
        >
          <button
            className="Button__TextButton-sc-1eobygi-3 PopulationsTable__TogglePopulationButton-sc-1ipx9am-1 bxFIne"
            onClick={[Function]}
            type="button"
          >
            Unclassified
          </button>
        </th>
        <td
          className="right-align"
        >
          0
        </td>
        <td
          className="right-align"
        >
          0
        </td>
        <td
          className="right-align"
        >
          0
        </td>
        <td
          style={
            {
              "paddingLeft": "25px",
            }
          }
        >
          -
        </td>
      </tr>
    </tbody>
    <tbody>
      <tr
        className="border"
      >
        <th
          colSpan={2}
          rowSpan={1}
          scope="row"
        >
          XX
        </th>
        <td
          className="right-align"
        >
          8
        </td>
        <td
          className="right-align"
        >
          80
        </td>
        <td
          className="right-align"
        >
          10
        </td>
        <td
          style={
            {
              "paddingLeft": "25px",
            }
          }
        >
          0.1000
        </td>
      </tr>
    </tbody>
    <tbody>
      <tr>
        <th
          colSpan={2}
          rowSpan={1}
          scope="row"
        >
          XY
        </th>
        <td
          className="right-align"
        >
          16
        </td>
        <td
          className="right-align"
        >
          160
        </td>
        <td
          className="right-align"
        >
          18
        </td>
        <td
          style={
            {
              "paddingLeft": "25px",
            }
          }
        >
          0.1000
        </td>
      </tr>
    </tbody>
    <tfoot>
      <tr
        className="strong-border"
      >
        <th
          colSpan={2}
          scope="row"
        >
          Total
        </th>
        <td
          className="right-align"
        >
          5
        </td>
        <td
          className="right-align"
        >
          50
        </td>
        <td
          className="right-align"
        >
          9
        </td>
        <td
          style={
            {
              "paddingLeft": "25px",
            }
          }
        >
          0.1000
        </td>
      </tr>
    </tfoot>
  </table>,
  <div
    className="GnomadPopulationsTable__ControlSection-sc-u218mn-0 jVUZlm"
  >
    Include:
    <label
      className="Checkbox__Label-sc-hrpa6b-0 kJEDjB"
      htmlFor="includeExomePopulations"
    >
      <input
        checked={true}
        className="Checkbox__CheckboxInput-sc-hrpa6b-1 lmKUES"
        disabled={false}
        id="includeExomePopulations"
        onChange={[Function]}
        type="checkbox"
      />
      Exomes
    </label>
    <label
      className="Checkbox__Label-sc-hrpa6b-0 kJEDjB"
      htmlFor="includeGenomePopulations"
    >
      <input
        checked={true}
        className="Checkbox__CheckboxInput-sc-hrpa6b-1 lmKUES"
        disabled={false}
        id="includeGenomePopulations"
        onChange={[Function]}
        type="checkbox"
      />
      Genomes
    </label>
  </div>,
]
`;

exports[`GnomadPopulationsTable with a dataset of gnomad_r4 has no unexpected changes 1`] = `
[
  <table
    className="Table__BaseTable-sc-7fgtt2-0 PopulationsTable__Table-sc-1ipx9am-0 bRugnY"
  >
    <thead>
      <tr>
        <th
          aria-sort="none"
          colSpan={2}
          scope="col"
        >
          <button
            onClick={[Function]}
            type="button"
          >
            <span
              className="TooltipHint-sc-1wwbc8j-0 cXXQWi"
              onMouseEnter={[Function]}
              onMouseLeave={[Function]}
            >
              Genetic Ancestry Group
            </span>
          </button>
        </th>
        <th
          aria-sort="none"
          className="right-align"
          scope="col"
        >
          <button
            onClick={[Function]}
            type="button"
          >
            <span
              className="TooltipHint-sc-1wwbc8j-0 cXXQWi"
              onMouseEnter={[Function]}
              onMouseLeave={[Function]}
            >
              Allele Count
            </span>
          </button>
        </th>
        <th
          aria-sort="none"
          className="right-align"
          scope="col"
        >
          <button
            onClick={[Function]}
            type="button"
          >
            <span
              className="TooltipHint-sc-1wwbc8j-0 cXXQWi"
              onMouseEnter={[Function]}
              onMouseLeave={[Function]}
            >
              Allele Number
            </span>
          </button>
        </th>
        <th
          aria-sort="none"
          className="right-align"
          scope="col"
        >
          <button
            onClick={[Function]}
            type="button"
          >
            <span
              className="TooltipHint-sc-1wwbc8j-0 cXXQWi"
              onMouseEnter={[Function]}
              onMouseLeave={[Function]}
            >
              Number of Homozygotes
            </span>
          </button>
        </th>
        <th
          aria-sort="descending"
          scope="col"
          style={
            {
              "paddingLeft": "25px",
            }
          }
        >
          <button
            onClick={[Function]}
            type="button"
          >
            <span
              className="TooltipHint-sc-1wwbc8j-0 cXXQWi"
              onMouseEnter={[Function]}
              onMouseLeave={[Function]}
            >
              Allele Frequency
            </span>
          </button>
        </th>
      </tr>
    </thead>
    <tbody>
      <tr
        className="strong-border"
      >
        <th
          colSpan={2}
          rowSpan={1}
          scope="row"
        >
          African, African American and African Caribbean
        </th>
        <td
          className="right-align"
        >
          33
        </td>
        <td
          className="right-align"
        >
          330
        </td>
        <td
          className="right-align"
        >
          37
        </td>
        <td
          style={
            {
              "paddingLeft": "25px",
            }
          }
        >
          0.1000
        </td>
      </tr>
    </tbody>
    <tbody>
      <tr
        className="border"
      >
        <th
          colSpan={2}
          rowSpan={1}
          scope="row"
        >
          European
        </th>
        <td
          className="right-align"
        >
          132
        </td>
        <td
          className="right-align"
        >
          1320
        </td>
        <td
          className="right-align"
        >
          136
        </td>
        <td
          style={
            {
              "paddingLeft": "25px",
            }
          }
        >
          0.1000
        </td>
      </tr>
    </tbody>
    <tbody>
      <tr
        className="border"
      >
        <th
          colSpan={2}
          rowSpan={1}
          scope="row"
        >
          <button
            className="Button__TextButton-sc-1eobygi-3 PopulationsTable__TogglePopulationButton-sc-1ipx9am-1 bxFIne"
            onClick={[Function]}
            type="button"
          >
            Central and South American
          </button>
        </th>
        <td
          className="right-align"
        >
          0
        </td>
        <td
          className="right-align"
        >
          0
        </td>
        <td
          className="right-align"
        >
          0
        </td>
        <td
          style={
            {
              "paddingLeft": "25px",
            }
          }
        >
          -
        </td>
      </tr>
    </tbody>
    <tbody>
      <tr
        className="border"
      >
        <th
          colSpan={2}
          rowSpan={1}
          scope="row"
        >
          <button
            className="Button__TextButton-sc-1eobygi-3 PopulationsTable__TogglePopulationButton-sc-1ipx9am-1 bxFIne"
            onClick={[Function]}
            type="button"
          >
            Central and South Asian
          </button>
        </th>
        <td
          className="right-align"
        >
          0
        </td>
        <td
          className="right-align"
        >
          0
        </td>
        <td
          className="right-align"
        >
          0
        </td>
        <td
          style={
            {
              "paddingLeft": "25px",
            }
          }
        >
          -
        </td>
      </tr>
    </tbody>
    <tbody>
      <tr
        className="border"
      >
        <th
          colSpan={2}
          rowSpan={1}
          scope="row"
        >
          <button
            className="Button__TextButton-sc-1eobygi-3 PopulationsTable__TogglePopulationButton-sc-1ipx9am-1 bxFIne"
            onClick={[Function]}
            type="button"
          >
            East and South East Asian
          </button>
        </th>
        <td
          className="right-align"
        >
          0
        </td>
        <td
          className="right-align"
        >
          0
        </td>
        <td
          className="right-align"
        >
          0
        </td>
        <td
          style={
            {
              "paddingLeft": "25px",
            }
          }
        >
          -
        </td>
      </tr>
    </tbody>
    <tbody>
      <tr
        className="border"
      >
        <th
          colSpan={2}
          rowSpan={1}
          scope="row"
        >
          <button
            className="Button__TextButton-sc-1eobygi-3 PopulationsTable__TogglePopulationButton-sc-1ipx9am-1 bxFIne"
            onClick={[Function]}
            type="button"
          >
            Middle Eastern and North African
          </button>
        </th>
        <td
          className="right-align"
        >
          0
        </td>
        <td
          className="right-align"
        >
          0
        </td>
        <td
          className="right-align"
        >
          0
        </td>
        <td
          style={
            {
              "paddingLeft": "25px",
            }
          }
        >
          -
        </td>
      </tr>
    </tbody>
    <tbody>
      <tr
        className="border"
      >
        <th
          colSpan={2}
          rowSpan={1}
          scope="row"
        >
          <button
            className="Button__TextButton-sc-1eobygi-3 PopulationsTable__TogglePopulationButton-sc-1ipx9am-1 bxFIne"
            onClick={[Function]}
            type="button"
          >
            Australian Filipino
          </button>
        </th>
        <td
          className="right-align"
        >
          0
        </td>
        <td
          className="right-align"
        >
          0
        </td>
        <td
          className="right-align"
        >
          0
        </td>
        <td
          style={
            {
              "paddingLeft": "25px",
            }
          }
        >
          -
        </td>
      </tr>
    </tbody>
    <tbody>
      <tr
        className="border"
      >
        <th
          colSpan={2}
          rowSpan={1}
          scope="row"
        >
          <button
            className="Button__TextButton-sc-1eobygi-3 PopulationsTable__TogglePopulationButton-sc-1ipx9am-1 bxFIne"
            onClick={[Function]}
            type="button"
          >
            Unclassified
          </button>
        </th>
        <td
          className="right-align"
        >
          0
        </td>
        <td
          className="right-align"
        >
          0
        </td>
        <td
          className="right-align"
        >
          0
        </td>
        <td
          style={
            {
              "paddingLeft": "25px",
            }
          }
        >
          -
        </td>
      </tr>
    </tbody>
    <tbody>
      <tr
        className="border"
      >
        <th
          colSpan={2}
          rowSpan={1}
          scope="row"
        >
          XX
        </th>
        <td
          className="right-align"
        >
          264
        </td>
        <td
          className="right-align"
        >
          2640
        </td>
        <td
          className="right-align"
        >
          268
        </td>
        <td
          style={
            {
              "paddingLeft": "25px",
            }
          }
        >
          0.1000
        </td>
      </tr>
    </tbody>
    <tbody>
      <tr>
        <th
          colSpan={2}
          rowSpan={1}
          scope="row"
        >
          XY
        </th>
        <td
          className="right-align"
        >
          528
        </td>
        <td
          className="right-align"
        >
          5280
        </td>
        <td
          className="right-align"
        >
          532
        </td>
        <td
          style={
            {
              "paddingLeft": "25px",
            }
          }
        >
          0.1000
        </td>
      </tr>
    </tbody>
    <tfoot>
      <tr
        className="strong-border"
      >
        <th
          colSpan={2}
          scope="row"
        >
          Total
        </th>
        <td
          className="right-align"
        >
          165
        </td>
        <td
          className="right-align"
        >
          1650
        </td>
        <td
          className="right-align"
        >
          173
        </td>
        <td
          style={
            {
              "paddingLeft": "25px",
            }
          }
        >
          0.1000
        </td>
      </tr>
    </tfoot>
  </table>,
  <div
    className="GnomadPopulationsTable__ControlSection-sc-u218mn-0 jVUZlm"
  >
    Include:
    <label
      className="Checkbox__Label-sc-hrpa6b-0 kJEDjB"
      htmlFor="includeExomePopulations"
    >
      <input
        checked={true}
        className="Checkbox__CheckboxInput-sc-hrpa6b-1 lmKUES"
        disabled={false}
        id="includeExomePopulations"
        onChange={[Function]}
        type="checkbox"
      />
      Exomes
    </label>
    <label
      className="Checkbox__Label-sc-hrpa6b-0 kJEDjB"
      htmlFor="includeGenomePopulations"
    >
      <input
        checked={true}
        className="Checkbox__CheckboxInput-sc-hrpa6b-1 lmKUES"
        disabled={false}
        id="includeGenomePopulations"
        onChange={[Function]}
        type="checkbox"
      />
      Genomes
    </label>
  </div>,
]
`;

exports[`GnomadPopulationsTable with a dataset of gnomad_r4 has no unexpected changes when missing genetic ancestry groups are filled in 1`] = `
[
  <table
    className="Table__BaseTable-sc-7fgtt2-0 PopulationsTable__Table-sc-1ipx9am-0 bRugnY"
  >
    <thead>
      <tr>
        <th
          aria-sort="none"
          colSpan={2}
          scope="col"
        >
          <button
            onClick={[Function]}
            type="button"
          >
            <span
              className="TooltipHint-sc-1wwbc8j-0 cXXQWi"
              onMouseEnter={[Function]}
              onMouseLeave={[Function]}
            >
              Genetic Ancestry Group
            </span>
          </button>
        </th>
        <th
          aria-sort="none"
          className="right-align"
          scope="col"
        >
          <button
            onClick={[Function]}
            type="button"
          >
            <span
              className="TooltipHint-sc-1wwbc8j-0 cXXQWi"
              onMouseEnter={[Function]}
              onMouseLeave={[Function]}
            >
              Allele Count
            </span>
          </button>
        </th>
        <th
          aria-sort="none"
          className="right-align"
          scope="col"
        >
          <button
            onClick={[Function]}
            type="button"
          >
            <span
              className="TooltipHint-sc-1wwbc8j-0 cXXQWi"
              onMouseEnter={[Function]}
              onMouseLeave={[Function]}
            >
              Allele Number
            </span>
          </button>
        </th>
        <th
          aria-sort="none"
          className="right-align"
          scope="col"
        >
          <button
            onClick={[Function]}
            type="button"
          >
            <span
              className="TooltipHint-sc-1wwbc8j-0 cXXQWi"
              onMouseEnter={[Function]}
              onMouseLeave={[Function]}
            >
              Number of Homozygotes
            </span>
          </button>
        </th>
        <th
          aria-sort="descending"
          scope="col"
          style={
            {
              "paddingLeft": "25px",
            }
          }
        >
          <button
            onClick={[Function]}
            type="button"
          >
            <span
              className="TooltipHint-sc-1wwbc8j-0 cXXQWi"
              onMouseEnter={[Function]}
              onMouseLeave={[Function]}
            >
              Allele Frequency
            </span>
          </button>
        </th>
      </tr>
    </thead>
    <tbody>
      <tr
        className="strong-border"
      >
        <th
          colSpan={2}
          rowSpan={1}
          scope="row"
        >
          African, African American and African Caribbean
        </th>
        <td
          className="right-align"
        >
          1
        </td>
        <td
          className="right-align"
        >
          10
        </td>
        <td
          className="right-align"
        >
          3
        </td>
        <td
          style={
            {
              "paddingLeft": "25px",
            }
          }
        >
          0.1000
        </td>
      </tr>
    </tbody>
    <tbody>
      <tr
        className="border"
      >
        <th
          colSpan={2}
          rowSpan={1}
          scope="row"
        >
          European
        </th>
        <td
          className="right-align"
        >
          4
        </td>
        <td
          className="right-align"
        >
          40
        </td>
        <td
          className="right-align"
        >
          6
        </td>
        <td
          style={
            {
              "paddingLeft": "25px",
            }
          }
        >
          0.1000
        </td>
      </tr>
    </tbody>
    <tbody>
      <tr
        className="border"
      >
        <th
          colSpan={2}
          rowSpan={1}
          scope="row"
        >
          <button
            className="Button__TextButton-sc-1eobygi-3 PopulationsTable__TogglePopulationButton-sc-1ipx9am-1 bxFIne"
            onClick={[Function]}
            type="button"
          >
            Central and South American
          </button>
        </th>
        <td
          className="right-align"
        >
          0
        </td>
        <td
          className="right-align"
        >
          0
        </td>
        <td
          className="right-align"
        >
          0
        </td>
        <td
          style={
            {
              "paddingLeft": "25px",
            }
          }
        >
          -
        </td>
      </tr>
    </tbody>
    <tbody>
      <tr
        className="border"
      >
        <th
          colSpan={2}
          rowSpan={1}
          scope="row"
        >
          <button
            className="Button__TextButton-sc-1eobygi-3 PopulationsTable__TogglePopulationButton-sc-1ipx9am-1 bxFIne"
            onClick={[Function]}
            type="button"
          >
            Central and South Asian
          </button>
        </th>
        <td
          className="right-align"
        >
          0
        </td>
        <td
          className="right-align"
        >
          0
        </td>
        <td
          className="right-align"
        >
          0
        </td>
        <td
          style={
            {
              "paddingLeft": "25px",
            }
          }
        >
          -
        </td>
      </tr>
    </tbody>
    <tbody>
      <tr
        className="border"
      >
        <th
          colSpan={2}
          rowSpan={1}
          scope="row"
        >
          <button
            className="Button__TextButton-sc-1eobygi-3 PopulationsTable__TogglePopulationButton-sc-1ipx9am-1 bxFIne"
            onClick={[Function]}
            type="button"
          >
            East and South East Asian
          </button>
        </th>
        <td
          className="right-align"
        >
          0
        </td>
        <td
          className="right-align"
        >
          0
        </td>
        <td
          className="right-align"
        >
          0
        </td>
        <td
          style={
            {
              "paddingLeft": "25px",
            }
          }
        >
          -
        </td>
      </tr>
    </tbody>
    <tbody>
      <tr
        className="border"
      >
        <th
          colSpan={2}
          rowSpan={1}
          scope="row"
        >
          <button
            className="Button__TextButton-sc-1eobygi-3 PopulationsTable__TogglePopulationButton-sc-1ipx9am-1 bxFIne"
            onClick={[Function]}
            type="button"
          >
            Middle Eastern and North African
          </button>
        </th>
        <td
          className="right-align"
        >
          0
        </td>
        <td
          className="right-align"
        >
          0
        </td>
        <td
          className="right-align"
        >
          0
        </td>
        <td
          style={
            {
              "paddingLeft": "25px",
            }
          }
        >
          -
        </td>
      </tr>
    </tbody>
    <tbody>
      <tr
        className="border"
      >
        <th
          colSpan={2}
          rowSpan={1}
          scope="row"
        >
          <button
            className="Button__TextButton-sc-1eobygi-3 PopulationsTable__TogglePopulationButton-sc-1ipx9am-1 bxFIne"
            onClick={[Function]}
            type="button"
          >
            Australian Filipino
          </button>
        </th>
        <td
          className="right-align"
        >
          0
        </td>
        <td
          className="right-align"
        >
          0
        </td>
        <td
          className="right-align"
        >
          0
        </td>
        <td
          style={
            {
              "paddingLeft": "25px",
            }
          }
        >
          -
        </td>
      </tr>
    </tbody>
    <tbody>
      <tr
        className="border"
      >
        <th
          colSpan={2}
          rowSpan={1}
          scope="row"
        >
          <button
            className="Button__TextButton-sc-1eobygi-3 PopulationsTable__TogglePopulationButton-sc-1ipx9am-1 bxFIne"
            onClick={[Function]}
            type="button"
          >
            Unclassified
          </button>
        </th>
        <td
          className="right-align"
        >
          0
        </td>
        <td
          className="right-align"
        >
          0
        </td>
        <td
          className="right-align"
        >
          0
        </td>
        <td
          style={
            {
              "paddingLeft": "25px",
            }
          }
        >
          -
        </td>
      </tr>
    </tbody>
    <tbody>
      <tr
        className="border"
      >
        <th
          colSpan={2}
          rowSpan={1}
          scope="row"
        >
          XX
        </th>
        <td
          className="right-align"
        >
          8
        </td>
        <td
          className="right-align"
        >
          80
        </td>
        <td
          className="right-align"
        >
          10
        </td>
        <td
          style={
            {
              "paddingLeft": "25px",
            }
          }
        >
          0.1000
        </td>
      </tr>
    </tbody>
    <tbody>
      <tr>
        <th
          colSpan={2}
          rowSpan={1}
          scope="row"
        >
          XY
        </th>
        <td
          className="right-align"
        >
          16
        </td>
        <td
          className="right-align"
        >
          160
        </td>
        <td
          className="right-align"
        >
          18
        </td>
        <td
          style={
            {
              "paddingLeft": "25px",
            }
          }
        >
          0.1000
        </td>
      </tr>
    </tbody>
    <tfoot>
      <tr
        className="strong-border"
      >
        <th
          colSpan={2}
          scope="row"
        >
          Total
        </th>
        <td
          className="right-align"
        >
          5
        </td>
        <td
          className="right-align"
        >
          50
        </td>
        <td
          className="right-align"
        >
          9
        </td>
        <td
          style={
            {
              "paddingLeft": "25px",
            }
          }
        >
          0.1000
        </td>
      </tr>
    </tfoot>
  </table>,
  <div
    className="GnomadPopulationsTable__ControlSection-sc-u218mn-0 jVUZlm"
  >
    Include:
    <label
      className="Checkbox__Label-sc-hrpa6b-0 kJEDjB"
      htmlFor="includeExomePopulations"
    >
      <input
        checked={true}
        className="Checkbox__CheckboxInput-sc-hrpa6b-1 lmKUES"
        disabled={false}
        id="includeExomePopulations"
        onChange={[Function]}
        type="checkbox"
      />
      Exomes
    </label>
    <label
      className="Checkbox__Label-sc-hrpa6b-0 kJEDjB"
      htmlFor="includeGenomePopulations"
    >
      <input
        checked={true}
        className="Checkbox__CheckboxInput-sc-hrpa6b-1 lmKUES"
        disabled={false}
        id="includeGenomePopulations"
        onChange={[Function]}
        type="checkbox"
      />
      Genomes
    </label>
  </div>,
]
`;

exports[`GnomadPopulationsTable with a dataset of gnomad_sv_r4 has no unexpected changes 1`] = `
[
  <table
    className="Table__BaseTable-sc-7fgtt2-0 PopulationsTable__Table-sc-1ipx9am-0 bRugnY"
  >
    <thead>
      <tr>
        <th
          aria-sort="none"
          colSpan={2}
          scope="col"
        >
          <button
            onClick={[Function]}
            type="button"
          >
            <span
              className="TooltipHint-sc-1wwbc8j-0 cXXQWi"
              onMouseEnter={[Function]}
              onMouseLeave={[Function]}
            >
              Genetic Ancestry Group
            </span>
          </button>
        </th>
        <th
          aria-sort="none"
          className="right-align"
          scope="col"
        >
          <button
            onClick={[Function]}
            type="button"
          >
            <span
              className="TooltipHint-sc-1wwbc8j-0 cXXQWi"
              onMouseEnter={[Function]}
              onMouseLeave={[Function]}
            >
              Allele Count
            </span>
          </button>
        </th>
        <th
          aria-sort="none"
          className="right-align"
          scope="col"
        >
          <button
            onClick={[Function]}
            type="button"
          >
            <span
              className="TooltipHint-sc-1wwbc8j-0 cXXQWi"
              onMouseEnter={[Function]}
              onMouseLeave={[Function]}
            >
              Allele Number
            </span>
          </button>
        </th>
        <th
          aria-sort="none"
          className="right-align"
          scope="col"
        >
          <button
            onClick={[Function]}
            type="button"
          >
            <span
              className="TooltipHint-sc-1wwbc8j-0 cXXQWi"
              onMouseEnter={[Function]}
              onMouseLeave={[Function]}
            >
              Number of Homozygotes
            </span>
          </button>
        </th>
        <th
          aria-sort="descending"
          scope="col"
          style={
            {
              "paddingLeft": "25px",
            }
          }
        >
          <button
            onClick={[Function]}
            type="button"
          >
            <span
              className="TooltipHint-sc-1wwbc8j-0 cXXQWi"
              onMouseEnter={[Function]}
              onMouseLeave={[Function]}
            >
              Allele Frequency
            </span>
          </button>
        </th>
      </tr>
    </thead>
    <tbody>
      <tr
        className="strong-border"
      >
        <th
          colSpan={2}
          rowSpan={1}
          scope="row"
        >
          African, African American and African Caribbean
        </th>
        <td
          className="right-align"
        >
          33
        </td>
        <td
          className="right-align"
        >
          330
        </td>
        <td
          className="right-align"
        >
          37
        </td>
        <td
          style={
            {
              "paddingLeft": "25px",
            }
          }
        >
          0.1000
        </td>
      </tr>
    </tbody>
    <tbody>
      <tr
        className="border"
      >
        <th
          colSpan={2}
          rowSpan={1}
          scope="row"
        >
          European
        </th>
        <td
          className="right-align"
        >
          132
        </td>
        <td
          className="right-align"
        >
          1320
        </td>
        <td
          className="right-align"
        >
          136
        </td>
        <td
          style={
            {
              "paddingLeft": "25px",
            }
          }
        >
          0.1000
        </td>
      </tr>
    </tbody>
    <tbody>
      <tr
        className="border"
      >
        <th
          colSpan={2}
          rowSpan={1}
          scope="row"
        >
          <button
            className="Button__TextButton-sc-1eobygi-3 PopulationsTable__TogglePopulationButton-sc-1ipx9am-1 bxFIne"
            onClick={[Function]}
            type="button"
          >
            Central and South American
          </button>
        </th>
        <td
          className="right-align"
        >
          0
        </td>
        <td
          className="right-align"
        >
          0
        </td>
        <td
          className="right-align"
        >
          0
        </td>
        <td
          style={
            {
              "paddingLeft": "25px",
            }
          }
        >
          -
        </td>
      </tr>
    </tbody>
    <tbody>
      <tr
        className="border"
      >
        <th
          colSpan={2}
          rowSpan={1}
          scope="row"
        >
          <button
            className="Button__TextButton-sc-1eobygi-3 PopulationsTable__TogglePopulationButton-sc-1ipx9am-1 bxFIne"
            onClick={[Function]}
            type="button"
          >
            Central and South Asian
          </button>
        </th>
        <td
          className="right-align"
        >
          0
        </td>
        <td
          className="right-align"
        >
          0
        </td>
        <td
          className="right-align"
        >
          0
        </td>
        <td
          style={
            {
              "paddingLeft": "25px",
            }
          }
        >
          -
        </td>
      </tr>
    </tbody>
    <tbody>
      <tr
        className="border"
      >
        <th
          colSpan={2}
          rowSpan={1}
          scope="row"
        >
          <button
            className="Button__TextButton-sc-1eobygi-3 PopulationsTable__TogglePopulationButton-sc-1ipx9am-1 bxFIne"
            onClick={[Function]}
            type="button"
          >
            East and South East Asian
          </button>
        </th>
        <td
          className="right-align"
        >
          0
        </td>
        <td
          className="right-align"
        >
          0
        </td>
        <td
          className="right-align"
        >
          0
        </td>
        <td
          style={
            {
              "paddingLeft": "25px",
            }
          }
        >
          -
        </td>
      </tr>
    </tbody>
    <tbody>
      <tr
        className="border"
      >
        <th
          colSpan={2}
          rowSpan={1}
          scope="row"
        >
          <button
            className="Button__TextButton-sc-1eobygi-3 PopulationsTable__TogglePopulationButton-sc-1ipx9am-1 bxFIne"
            onClick={[Function]}
            type="button"
          >
            Middle Eastern and North African
          </button>
        </th>
        <td
          className="right-align"
        >
          0
        </td>
        <td
          className="right-align"
        >
          0
        </td>
        <td
          className="right-align"
        >
          0
        </td>
        <td
          style={
            {
              "paddingLeft": "25px",
            }
          }
        >
          -
        </td>
      </tr>
    </tbody>
    <tbody>
      <tr
        className="border"
      >
        <th
          colSpan={2}
          rowSpan={1}
          scope="row"
        >
          <button
            className="Button__TextButton-sc-1eobygi-3 PopulationsTable__TogglePopulationButton-sc-1ipx9am-1 bxFIne"
            onClick={[Function]}
            type="button"
          >
            Australian Filipino
          </button>
        </th>
        <td
          className="right-align"
        >
          0
        </td>
        <td
          className="right-align"
        >
          0
        </td>
        <td
          className="right-align"
        >
          0
        </td>
        <td
          style={
            {
              "paddingLeft": "25px",
            }
          }
        >
          -
        </td>
      </tr>
    </tbody>
    <tbody>
      <tr
        className="border"
      >
        <th
          colSpan={2}
          rowSpan={1}
          scope="row"
        >
          <button
            className="Button__TextButton-sc-1eobygi-3 PopulationsTable__TogglePopulationButton-sc-1ipx9am-1 bxFIne"
            onClick={[Function]}
            type="button"
          >
            Unclassified
          </button>
        </th>
        <td
          className="right-align"
        >
          0
        </td>
        <td
          className="right-align"
        >
          0
        </td>
        <td
          className="right-align"
        >
          0
        </td>
        <td
          style={
            {
              "paddingLeft": "25px",
            }
          }
        >
          -
        </td>
      </tr>
    </tbody>
    <tbody>
      <tr
        className="border"
      >
        <th
          colSpan={2}
          rowSpan={1}
          scope="row"
        >
          XX
        </th>
        <td
          className="right-align"
        >
          264
        </td>
        <td
          className="right-align"
        >
          2640
        </td>
        <td
          className="right-align"
        >
          268
        </td>
        <td
          style={
            {
              "paddingLeft": "25px",
            }
          }
        >
          0.1000
        </td>
      </tr>
    </tbody>
    <tbody>
      <tr>
        <th
          colSpan={2}
          rowSpan={1}
          scope="row"
        >
          XY
        </th>
        <td
          className="right-align"
        >
          528
        </td>
        <td
          className="right-align"
        >
          5280
        </td>
        <td
          className="right-align"
        >
          532
        </td>
        <td
          style={
            {
              "paddingLeft": "25px",
            }
          }
        >
          0.1000
        </td>
      </tr>
    </tbody>
    <tfoot>
      <tr
        className="strong-border"
      >
        <th
          colSpan={2}
          scope="row"
        >
          Total
        </th>
        <td
          className="right-align"
        >
          165
        </td>
        <td
          className="right-align"
        >
          1650
        </td>
        <td
          className="right-align"
        >
          173
        </td>
        <td
          style={
            {
              "paddingLeft": "25px",
            }
          }
        >
          0.1000
        </td>
      </tr>
    </tfoot>
  </table>,
  <div
    className="GnomadPopulationsTable__ControlSection-sc-u218mn-0 jVUZlm"
  >
    Include:
    <label
      className="Checkbox__Label-sc-hrpa6b-0 kJEDjB"
      htmlFor="includeExomePopulations"
    >
      <input
        checked={true}
        className="Checkbox__CheckboxInput-sc-hrpa6b-1 lmKUES"
        disabled={false}
        id="includeExomePopulations"
        onChange={[Function]}
        type="checkbox"
      />
      Exomes
    </label>
    <label
      className="Checkbox__Label-sc-hrpa6b-0 kJEDjB"
      htmlFor="includeGenomePopulations"
    >
      <input
        checked={true}
        className="Checkbox__CheckboxInput-sc-hrpa6b-1 lmKUES"
        disabled={false}
        id="includeGenomePopulations"
        onChange={[Function]}
        type="checkbox"
      />
      Genomes
    </label>
  </div>,
]
`;

exports[`GnomadPopulationsTable with a dataset of gnomad_sv_r4 has no unexpected changes when missing genetic ancestry groups are filled in 1`] = `
[
  <table
    className="Table__BaseTable-sc-7fgtt2-0 PopulationsTable__Table-sc-1ipx9am-0 bRugnY"
  >
    <thead>
      <tr>
        <th
          aria-sort="none"
          colSpan={2}
          scope="col"
        >
          <button
            onClick={[Function]}
            type="button"
          >
            <span
              className="TooltipHint-sc-1wwbc8j-0 cXXQWi"
              onMouseEnter={[Function]}
              onMouseLeave={[Function]}
            >
              Genetic Ancestry Group
            </span>
          </button>
        </th>
        <th
          aria-sort="none"
          className="right-align"
          scope="col"
        >
          <button
            onClick={[Function]}
            type="button"
          >
            <span
              className="TooltipHint-sc-1wwbc8j-0 cXXQWi"
              onMouseEnter={[Function]}
              onMouseLeave={[Function]}
            >
              Allele Count
            </span>
          </button>
        </th>
        <th
          aria-sort="none"
          className="right-align"
          scope="col"
        >
          <button
            onClick={[Function]}
            type="button"
          >
            <span
              className="TooltipHint-sc-1wwbc8j-0 cXXQWi"
              onMouseEnter={[Function]}
              onMouseLeave={[Function]}
            >
              Allele Number
            </span>
          </button>
        </th>
        <th
          aria-sort="none"
          className="right-align"
          scope="col"
        >
          <button
            onClick={[Function]}
            type="button"
          >
            <span
              className="TooltipHint-sc-1wwbc8j-0 cXXQWi"
              onMouseEnter={[Function]}
              onMouseLeave={[Function]}
            >
              Number of Homozygotes
            </span>
          </button>
        </th>
        <th
          aria-sort="descending"
          scope="col"
          style={
            {
              "paddingLeft": "25px",
            }
          }
        >
          <button
            onClick={[Function]}
            type="button"
          >
            <span
              className="TooltipHint-sc-1wwbc8j-0 cXXQWi"
              onMouseEnter={[Function]}
              onMouseLeave={[Function]}
            >
              Allele Frequency
            </span>
          </button>
        </th>
      </tr>
    </thead>
    <tbody>
      <tr
        className="strong-border"
      >
        <th
          colSpan={2}
          rowSpan={1}
          scope="row"
        >
          African, African American and African Caribbean
        </th>
        <td
          className="right-align"
        >
          1
        </td>
        <td
          className="right-align"
        >
          10
        </td>
        <td
          className="right-align"
        >
          3
        </td>
        <td
          style={
            {
              "paddingLeft": "25px",
            }
          }
        >
          0.1000
        </td>
      </tr>
    </tbody>
    <tbody>
      <tr
        className="border"
      >
        <th
          colSpan={2}
          rowSpan={1}
          scope="row"
        >
          European
        </th>
        <td
          className="right-align"
        >
          4
        </td>
        <td
          className="right-align"
        >
          40
        </td>
        <td
          className="right-align"
        >
          6
        </td>
        <td
          style={
            {
              "paddingLeft": "25px",
            }
          }
        >
          0.1000
        </td>
      </tr>
    </tbody>
    <tbody>
      <tr
        className="border"
      >
        <th
          colSpan={2}
          rowSpan={1}
          scope="row"
        >
          <button
            className="Button__TextButton-sc-1eobygi-3 PopulationsTable__TogglePopulationButton-sc-1ipx9am-1 bxFIne"
            onClick={[Function]}
            type="button"
          >
            Central and South American
          </button>
        </th>
        <td
          className="right-align"
        >
          0
        </td>
        <td
          className="right-align"
        >
          0
        </td>
        <td
          className="right-align"
        >
          0
        </td>
        <td
          style={
            {
              "paddingLeft": "25px",
            }
          }
        >
          -
        </td>
      </tr>
    </tbody>
    <tbody>
      <tr
        className="border"
      >
        <th
          colSpan={2}
          rowSpan={1}
          scope="row"
        >
          <button
            className="Button__TextButton-sc-1eobygi-3 PopulationsTable__TogglePopulationButton-sc-1ipx9am-1 bxFIne"
            onClick={[Function]}
            type="button"
          >
            Central and South Asian
          </button>
        </th>
        <td
          className="right-align"
        >
          0
        </td>
        <td
          className="right-align"
        >
          0
        </td>
        <td
          className="right-align"
        >
          0
        </td>
        <td
          style={
            {
              "paddingLeft": "25px",
            }
          }
        >
          -
        </td>
      </tr>
    </tbody>
    <tbody>
      <tr
        className="border"
      >
        <th
          colSpan={2}
          rowSpan={1}
          scope="row"
        >
          <button
            className="Button__TextButton-sc-1eobygi-3 PopulationsTable__TogglePopulationButton-sc-1ipx9am-1 bxFIne"
            onClick={[Function]}
            type="button"
          >
            East and South East Asian
          </button>
        </th>
        <td
          className="right-align"
        >
          0
        </td>
        <td
          className="right-align"
        >
          0
        </td>
        <td
          className="right-align"
        >
          0
        </td>
        <td
          style={
            {
              "paddingLeft": "25px",
            }
          }
        >
          -
        </td>
      </tr>
    </tbody>
    <tbody>
      <tr
        className="border"
      >
        <th
          colSpan={2}
          rowSpan={1}
          scope="row"
        >
          <button
            className="Button__TextButton-sc-1eobygi-3 PopulationsTable__TogglePopulationButton-sc-1ipx9am-1 bxFIne"
            onClick={[Function]}
            type="button"
          >
            Middle Eastern and North African
          </button>
        </th>
        <td
          className="right-align"
        >
          0
        </td>
        <td
          className="right-align"
        >
          0
        </td>
        <td
          className="right-align"
        >
          0
        </td>
        <td
          style={
            {
              "paddingLeft": "25px",
            }
          }
        >
          -
        </td>
      </tr>
    </tbody>
    <tbody>
      <tr
        className="border"
      >
        <th
          colSpan={2}
          rowSpan={1}
          scope="row"
        >
          <button
            className="Button__TextButton-sc-1eobygi-3 PopulationsTable__TogglePopulationButton-sc-1ipx9am-1 bxFIne"
            onClick={[Function]}
            type="button"
          >
            Australian Filipino
          </button>
        </th>
        <td
          className="right-align"
        >
          0
        </td>
        <td
          className="right-align"
        >
          0
        </td>
        <td
          className="right-align"
        >
          0
        </td>
        <td
          style={
            {
              "paddingLeft": "25px",
            }
          }
        >
          -
        </td>
      </tr>
    </tbody>
    <tbody>
      <tr
        className="border"
      >
        <th
          colSpan={2}
          rowSpan={1}
          scope="row"
        >
          <button
            className="Button__TextButton-sc-1eobygi-3 PopulationsTable__TogglePopulationButton-sc-1ipx9am-1 bxFIne"
            onClick={[Function]}
            type="button"
          >
            Unclassified
          </button>
        </th>
        <td
          className="right-align"
        >
          0
        </td>
        <td
          className="right-align"
        >
          0
        </td>
        <td
          className="right-align"
        >
          0
        </td>
        <td
          style={
            {
              "paddingLeft": "25px",
            }
          }
        >
          -
        </td>
      </tr>
    </tbody>
    <tbody>
      <tr
        className="border"
      >
        <th
          colSpan={2}
          rowSpan={1}
          scope="row"
        >
          XX
        </th>
        <td
          className="right-align"
        >
          8
        </td>
        <td
          className="right-align"
        >
          80
        </td>
        <td
          className="right-align"
        >
          10
        </td>
        <td
          style={
            {
              "paddingLeft": "25px",
            }
          }
        >
          0.1000
        </td>
      </tr>
    </tbody>
    <tbody>
      <tr>
        <th
          colSpan={2}
          rowSpan={1}
          scope="row"
        >
          XY
        </th>
        <td
          className="right-align"
        >
          16
        </td>
        <td
          className="right-align"
        >
          160
        </td>
        <td
          className="right-align"
        >
          18
        </td>
        <td
          style={
            {
              "paddingLeft": "25px",
            }
          }
        >
          0.1000
        </td>
      </tr>
    </tbody>
    <tfoot>
      <tr
        className="strong-border"
      >
        <th
          colSpan={2}
          scope="row"
        >
          Total
        </th>
        <td
          className="right-align"
        >
          5
        </td>
        <td
          className="right-align"
        >
          50
        </td>
        <td
          className="right-align"
        >
          9
        </td>
        <td
          style={
            {
              "paddingLeft": "25px",
            }
          }
        >
          0.1000
        </td>
      </tr>
    </tfoot>
  </table>,
  <div
    className="GnomadPopulationsTable__ControlSection-sc-u218mn-0 jVUZlm"
  >
    Include:
    <label
      className="Checkbox__Label-sc-hrpa6b-0 kJEDjB"
      htmlFor="includeExomePopulations"
    >
      <input
        checked={true}
        className="Checkbox__CheckboxInput-sc-hrpa6b-1 lmKUES"
        disabled={false}
        id="includeExomePopulations"
        onChange={[Function]}
        type="checkbox"
      />
      Exomes
    </label>
    <label
      className="Checkbox__Label-sc-hrpa6b-0 kJEDjB"
      htmlFor="includeGenomePopulations"
    >
      <input
        checked={true}
        className="Checkbox__CheckboxInput-sc-hrpa6b-1 lmKUES"
        disabled={false}
        id="includeGenomePopulations"
        onChange={[Function]}
        type="checkbox"
      />
      Genomes
    </label>
  </div>,
]
`;

exports[`GnomadPopulationsTable with a dataset of ourdna has no unexpected changes 1`] = `
[
  <table
    className="Table__BaseTable-sc-7fgtt2-0 PopulationsTable__Table-sc-1ipx9am-0 bRugnY"
  >
    <thead>
      <tr>
        <th
          aria-sort="none"
          colSpan={2}
          scope="col"
        >
          <button
            onClick={[Function]}
            type="button"
          >
            <span
              className="TooltipHint-sc-1wwbc8j-0 cXXQWi"
              onMouseEnter={[Function]}
              onMouseLeave={[Function]}
            >
              Genetic Ancestry Group
            </span>
          </button>
        </th>
        <th
          aria-sort="none"
          className="right-align"
          scope="col"
        >
          <button
            onClick={[Function]}
            type="button"
          >
            <span
              className="TooltipHint-sc-1wwbc8j-0 cXXQWi"
              onMouseEnter={[Function]}
              onMouseLeave={[Function]}
            >
              Allele Count
            </span>
          </button>
        </th>
        <th
          aria-sort="none"
          className="right-align"
          scope="col"
        >
          <button
            onClick={[Function]}
            type="button"
          >
            <span
              className="TooltipHint-sc-1wwbc8j-0 cXXQWi"
              onMouseEnter={[Function]}
              onMouseLeave={[Function]}
            >
              Allele Number
            </span>
          </button>
        </th>
        <th
          aria-sort="none"
          className="right-align"
          scope="col"
        >
          <button
            onClick={[Function]}
            type="button"
          >
            <span
              className="TooltipHint-sc-1wwbc8j-0 cXXQWi"
              onMouseEnter={[Function]}
              onMouseLeave={[Function]}
            >
              Number of Homozygotes
            </span>
          </button>
        </th>
        <th
          aria-sort="descending"
          scope="col"
          style={
            {
              "paddingLeft": "25px",
            }
          }
        >
          <button
            onClick={[Function]}
            type="button"
          >
            <span
              className="TooltipHint-sc-1wwbc8j-0 cXXQWi"
              onMouseEnter={[Function]}
              onMouseLeave={[Function]}
            >
              Allele Frequency
            </span>
          </button>
        </th>
      </tr>
    </thead>
    <tbody>
      <tr
        className="strong-border"
      >
        <th
          colSpan={2}
          rowSpan={1}
          scope="row"
        >
          African, African American and African Caribbean
        </th>
        <td
          className="right-align"
        >
          33
        </td>
        <td
          className="right-align"
        >
          330
        </td>
        <td
          className="right-align"
        >
          37
        </td>
        <td
          style={
            {
              "paddingLeft": "25px",
            }
          }
        >
          0.1000
        </td>
      </tr>
    </tbody>
    <tbody>
      <tr
        className="border"
      >
        <th
          colSpan={2}
          rowSpan={1}
          scope="row"
        >
          European
        </th>
        <td
          className="right-align"
        >
          132
        </td>
        <td
          className="right-align"
        >
          1320
        </td>
        <td
          className="right-align"
        >
          136
        </td>
        <td
          style={
            {
              "paddingLeft": "25px",
            }
          }
        >
          0.1000
        </td>
      </tr>
    </tbody>
    <tbody>
      <tr
        className="border"
      >
        <th
          colSpan={2}
          rowSpan={1}
          scope="row"
        >
          <button
            className="Button__TextButton-sc-1eobygi-3 PopulationsTable__TogglePopulationButton-sc-1ipx9am-1 bxFIne"
            onClick={[Function]}
            type="button"
          >
            Central and South American
          </button>
        </th>
        <td
          className="right-align"
        >
          0
        </td>
        <td
          className="right-align"
        >
          0
        </td>
        <td
          className="right-align"
        >
          0
        </td>
        <td
          style={
            {
              "paddingLeft": "25px",
            }
          }
        >
          -
        </td>
      </tr>
    </tbody>
    <tbody>
      <tr
        className="border"
      >
        <th
          colSpan={2}
          rowSpan={1}
          scope="row"
        >
          <button
            className="Button__TextButton-sc-1eobygi-3 PopulationsTable__TogglePopulationButton-sc-1ipx9am-1 bxFIne"
            onClick={[Function]}
            type="button"
          >
            Central and South Asian
          </button>
        </th>
        <td
          className="right-align"
        >
          0
        </td>
        <td
          className="right-align"
        >
          0
        </td>
        <td
          className="right-align"
        >
          0
        </td>
        <td
          style={
            {
              "paddingLeft": "25px",
            }
          }
        >
          -
        </td>
      </tr>
    </tbody>
    <tbody>
      <tr
        className="border"
      >
        <th
          colSpan={2}
          rowSpan={1}
          scope="row"
        >
          <button
            className="Button__TextButton-sc-1eobygi-3 PopulationsTable__TogglePopulationButton-sc-1ipx9am-1 bxFIne"
            onClick={[Function]}
            type="button"
          >
            East and South East Asian
          </button>
        </th>
        <td
          className="right-align"
        >
          0
        </td>
        <td
          className="right-align"
        >
          0
        </td>
        <td
          className="right-align"
        >
          0
        </td>
        <td
          style={
            {
              "paddingLeft": "25px",
            }
          }
        >
          -
        </td>
      </tr>
    </tbody>
    <tbody>
      <tr
        className="border"
      >
        <th
          colSpan={2}
          rowSpan={1}
          scope="row"
        >
          <button
            className="Button__TextButton-sc-1eobygi-3 PopulationsTable__TogglePopulationButton-sc-1ipx9am-1 bxFIne"
            onClick={[Function]}
            type="button"
          >
            Middle Eastern and North African
          </button>
        </th>
        <td
          className="right-align"
        >
          0
        </td>
        <td
          className="right-align"
        >
          0
        </td>
        <td
          className="right-align"
        >
          0
        </td>
        <td
          style={
            {
              "paddingLeft": "25px",
            }
          }
        >
          -
        </td>
      </tr>
    </tbody>
    <tbody>
      <tr
        className="border"
      >
        <th
          colSpan={2}
          rowSpan={1}
          scope="row"
        >
          <button
            className="Button__TextButton-sc-1eobygi-3 PopulationsTable__TogglePopulationButton-sc-1ipx9am-1 bxFIne"
            onClick={[Function]}
            type="button"
          >
            Australian Filipino
          </button>
        </th>
        <td
          className="right-align"
        >
          0
        </td>
        <td
          className="right-align"
        >
          0
        </td>
        <td
          className="right-align"
        >
          0
        </td>
        <td
          style={
            {
              "paddingLeft": "25px",
            }
          }
        >
          -
        </td>
      </tr>
    </tbody>
    <tbody>
      <tr
        className="border"
      >
        <th
          colSpan={2}
          rowSpan={1}
          scope="row"
        >
          <button
            className="Button__TextButton-sc-1eobygi-3 PopulationsTable__TogglePopulationButton-sc-1ipx9am-1 bxFIne"
            onClick={[Function]}
            type="button"
          >
            Unclassified
          </button>
        </th>
        <td
          className="right-align"
        >
          0
        </td>
        <td
          className="right-align"
        >
          0
        </td>
        <td
          className="right-align"
        >
          0
        </td>
        <td
          style={
            {
              "paddingLeft": "25px",
            }
          }
        >
          -
        </td>
      </tr>
    </tbody>
    <tbody>
      <tr
        className="border"
      >
        <th
          colSpan={2}
          rowSpan={1}
          scope="row"
        >
          XX
        </th>
        <td
          className="right-align"
        >
          264
        </td>
        <td
          className="right-align"
        >
          2640
        </td>
        <td
          className="right-align"
        >
          268
        </td>
        <td
          style={
            {
              "paddingLeft": "25px",
            }
          }
        >
          0.1000
        </td>
      </tr>
    </tbody>
    <tbody>
      <tr>
        <th
          colSpan={2}
          rowSpan={1}
          scope="row"
        >
          XY
        </th>
        <td
          className="right-align"
        >
          528
        </td>
        <td
          className="right-align"
        >
          5280
        </td>
        <td
          className="right-align"
        >
          532
        </td>
        <td
          style={
            {
              "paddingLeft": "25px",
            }
          }
        >
          0.1000
        </td>
      </tr>
    </tbody>
    <tfoot>
      <tr
        className="strong-border"
      >
        <th
          colSpan={2}
          scope="row"
        >
          Total
        </th>
        <td
          className="right-align"
        >
          165
        </td>
        <td
          className="right-align"
        >
          1650
        </td>
        <td
          className="right-align"
        >
          173
        </td>
        <td
          style={
            {
              "paddingLeft": "25px",
            }
          }
        >
          0.1000
        </td>
      </tr>
    </tfoot>
  </table>,
  <div
    className="GnomadPopulationsTable__ControlSection-sc-u218mn-0 jVUZlm"
  >
    Include:
    <label
      className="Checkbox__Label-sc-hrpa6b-0 kJEDjB"
      htmlFor="includeExomePopulations"
    >
      <input
        checked={true}
        className="Checkbox__CheckboxInput-sc-hrpa6b-1 lmKUES"
        disabled={false}
        id="includeExomePopulations"
        onChange={[Function]}
        type="checkbox"
      />
      Exomes
    </label>
    <label
      className="Checkbox__Label-sc-hrpa6b-0 kJEDjB"
      htmlFor="includeGenomePopulations"
    >
      <input
        checked={true}
        className="Checkbox__CheckboxInput-sc-hrpa6b-1 lmKUES"
        disabled={false}
        id="includeGenomePopulations"
        onChange={[Function]}
        type="checkbox"
      />
      Genomes
    </label>
  </div>,
]
`;

exports[`GnomadPopulationsTable with a dataset of ourdna has no unexpected changes when missing genetic ancestry groups are filled in 1`] = `
[
  <table
    className="Table__BaseTable-sc-7fgtt2-0 PopulationsTable__Table-sc-1ipx9am-0 bRugnY"
  >
    <thead>
      <tr>
        <th
          aria-sort="none"
          colSpan={2}
          scope="col"
        >
          <button
            onClick={[Function]}
            type="button"
          >
            <span
              className="TooltipHint-sc-1wwbc8j-0 cXXQWi"
              onMouseEnter={[Function]}
              onMouseLeave={[Function]}
            >
              Genetic Ancestry Group
            </span>
          </button>
        </th>
        <th
          aria-sort="none"
          className="right-align"
          scope="col"
        >
          <button
            onClick={[Function]}
            type="button"
          >
            <span
              className="TooltipHint-sc-1wwbc8j-0 cXXQWi"
              onMouseEnter={[Function]}
              onMouseLeave={[Function]}
            >
              Allele Count
            </span>
          </button>
        </th>
        <th
          aria-sort="none"
          className="right-align"
          scope="col"
        >
          <button
            onClick={[Function]}
            type="button"
          >
            <span
              className="TooltipHint-sc-1wwbc8j-0 cXXQWi"
              onMouseEnter={[Function]}
              onMouseLeave={[Function]}
            >
              Allele Number
            </span>
          </button>
        </th>
        <th
          aria-sort="none"
          className="right-align"
          scope="col"
        >
          <button
            onClick={[Function]}
            type="button"
          >
            <span
              className="TooltipHint-sc-1wwbc8j-0 cXXQWi"
              onMouseEnter={[Function]}
              onMouseLeave={[Function]}
            >
              Number of Homozygotes
            </span>
          </button>
        </th>
        <th
          aria-sort="descending"
          scope="col"
          style={
            {
              "paddingLeft": "25px",
            }
          }
        >
          <button
            onClick={[Function]}
            type="button"
          >
            <span
              className="TooltipHint-sc-1wwbc8j-0 cXXQWi"
              onMouseEnter={[Function]}
              onMouseLeave={[Function]}
            >
              Allele Frequency
            </span>
          </button>
        </th>
      </tr>
    </thead>
    <tbody>
      <tr
        className="strong-border"
      >
        <th
          colSpan={2}
          rowSpan={1}
          scope="row"
        >
          African, African American and African Caribbean
        </th>
        <td
          className="right-align"
        >
          1
        </td>
        <td
          className="right-align"
        >
          10
        </td>
        <td
          className="right-align"
        >
          3
        </td>
        <td
          style={
            {
              "paddingLeft": "25px",
            }
          }
        >
          0.1000
        </td>
      </tr>
    </tbody>
    <tbody>
      <tr
        className="border"
      >
        <th
          colSpan={2}
          rowSpan={1}
          scope="row"
        >
          European
        </th>
        <td
          className="right-align"
        >
          4
        </td>
        <td
          className="right-align"
        >
          40
        </td>
        <td
          className="right-align"
        >
          6
        </td>
        <td
          style={
            {
              "paddingLeft": "25px",
            }
          }
        >
          0.1000
        </td>
      </tr>
    </tbody>
    <tbody>
      <tr
        className="border"
      >
        <th
          colSpan={2}
          rowSpan={1}
          scope="row"
        >
          <button
            className="Button__TextButton-sc-1eobygi-3 PopulationsTable__TogglePopulationButton-sc-1ipx9am-1 bxFIne"
            onClick={[Function]}
            type="button"
          >
            Central and South American
          </button>
        </th>
        <td
          className="right-align"
        >
          0
        </td>
        <td
          className="right-align"
        >
          0
        </td>
        <td
          className="right-align"
        >
          0
        </td>
        <td
          style={
            {
              "paddingLeft": "25px",
            }
          }
        >
          -
        </td>
      </tr>
    </tbody>
    <tbody>
      <tr
        className="border"
      >
        <th
          colSpan={2}
          rowSpan={1}
          scope="row"
        >
          <button
            className="Button__TextButton-sc-1eobygi-3 PopulationsTable__TogglePopulationButton-sc-1ipx9am-1 bxFIne"
            onClick={[Function]}
            type="button"
          >
            Central and South Asian
          </button>
        </th>
        <td
          className="right-align"
        >
          0
        </td>
        <td
          className="right-align"
        >
          0
        </td>
        <td
          className="right-align"
        >
          0
        </td>
        <td
          style={
            {
              "paddingLeft": "25px",
            }
          }
        >
          -
        </td>
      </tr>
    </tbody>
    <tbody>
      <tr
        className="border"
      >
        <th
          colSpan={2}
          rowSpan={1}
          scope="row"
        >
          <button
            className="Button__TextButton-sc-1eobygi-3 PopulationsTable__TogglePopulationButton-sc-1ipx9am-1 bxFIne"
            onClick={[Function]}
            type="button"
          >
            East and South East Asian
          </button>
        </th>
        <td
          className="right-align"
        >
          0
        </td>
        <td
          className="right-align"
        >
          0
        </td>
        <td
          className="right-align"
        >
          0
        </td>
        <td
          style={
            {
              "paddingLeft": "25px",
            }
          }
        >
          -
        </td>
      </tr>
    </tbody>
    <tbody>
      <tr
        className="border"
      >
        <th
          colSpan={2}
          rowSpan={1}
          scope="row"
        >
          <button
            className="Button__TextButton-sc-1eobygi-3 PopulationsTable__TogglePopulationButton-sc-1ipx9am-1 bxFIne"
            onClick={[Function]}
            type="button"
          >
            Middle Eastern and North African
          </button>
        </th>
        <td
          className="right-align"
        >
          0
        </td>
        <td
          className="right-align"
        >
          0
        </td>
        <td
          className="right-align"
        >
          0
        </td>
        <td
          style={
            {
              "paddingLeft": "25px",
            }
          }
        >
          -
        </td>
      </tr>
    </tbody>
    <tbody>
      <tr
        className="border"
      >
        <th
          colSpan={2}
          rowSpan={1}
          scope="row"
        >
          <button
            className="Button__TextButton-sc-1eobygi-3 PopulationsTable__TogglePopulationButton-sc-1ipx9am-1 bxFIne"
            onClick={[Function]}
            type="button"
          >
            Australian Filipino
          </button>
        </th>
        <td
          className="right-align"
        >
          0
        </td>
        <td
          className="right-align"
        >
          0
        </td>
        <td
          className="right-align"
        >
          0
        </td>
        <td
          style={
            {
              "paddingLeft": "25px",
            }
          }
        >
          -
        </td>
      </tr>
    </tbody>
    <tbody>
      <tr
        className="border"
      >
        <th
          colSpan={2}
          rowSpan={1}
          scope="row"
        >
          <button
            className="Button__TextButton-sc-1eobygi-3 PopulationsTable__TogglePopulationButton-sc-1ipx9am-1 bxFIne"
            onClick={[Function]}
            type="button"
          >
            Unclassified
          </button>
        </th>
        <td
          className="right-align"
        >
          0
        </td>
        <td
          className="right-align"
        >
          0
        </td>
        <td
          className="right-align"
        >
          0
        </td>
        <td
          style={
            {
              "paddingLeft": "25px",
            }
          }
        >
          -
        </td>
      </tr>
    </tbody>
    <tbody>
      <tr
        className="border"
      >
        <th
          colSpan={2}
          rowSpan={1}
          scope="row"
        >
          XX
        </th>
        <td
          className="right-align"
        >
          8
        </td>
        <td
          className="right-align"
        >
          80
        </td>
        <td
          className="right-align"
        >
          10
        </td>
        <td
          style={
            {
              "paddingLeft": "25px",
            }
          }
        >
          0.1000
        </td>
      </tr>
    </tbody>
    <tbody>
      <tr>
        <th
          colSpan={2}
          rowSpan={1}
          scope="row"
        >
          XY
        </th>
        <td
          className="right-align"
        >
          16
        </td>
        <td
          className="right-align"
        >
          160
        </td>
        <td
          className="right-align"
        >
          18
        </td>
        <td
          style={
            {
              "paddingLeft": "25px",
            }
          }
        >
          0.1000
        </td>
      </tr>
    </tbody>
    <tfoot>
      <tr
        className="strong-border"
      >
        <th
          colSpan={2}
          scope="row"
        >
          Total
        </th>
        <td
          className="right-align"
        >
          5
        </td>
        <td
          className="right-align"
        >
          50
        </td>
        <td
          className="right-align"
        >
          9
        </td>
        <td
          style={
            {
              "paddingLeft": "25px",
            }
          }
        >
          0.1000
        </td>
      </tr>
    </tfoot>
  </table>,
  <div
    className="GnomadPopulationsTable__ControlSection-sc-u218mn-0 jVUZlm"
  >
    Include:
    <label
      className="Checkbox__Label-sc-hrpa6b-0 kJEDjB"
      htmlFor="includeExomePopulations"
    >
      <input
        checked={true}
        className="Checkbox__CheckboxInput-sc-hrpa6b-1 lmKUES"
        disabled={false}
        id="includeExomePopulations"
        onChange={[Function]}
        type="checkbox"
      />
      Exomes
    </label>
    <label
      className="Checkbox__Label-sc-hrpa6b-0 kJEDjB"
      htmlFor="includeGenomePopulations"
    >
      <input
        checked={true}
        className="Checkbox__CheckboxInput-sc-hrpa6b-1 lmKUES"
        disabled={false}
        id="includeGenomePopulations"
        onChange={[Function]}
        type="checkbox"
      />
      Genomes
    </label>
  </div>,
]
`;
